{"type":"server-started","port":51170,"host":"127.0.0.1","url_host":"localhost","url":"http://localhost:51170","screen_dir":"D:\\work\\GIT\\bookeeper\\.superpowers\\brainstorm\\17860-1787465246\\content","state_dir":"D:\\work\\GIT\\bookeeper\\.superpowers\\brainstorm\\17860-1787465246\\state"}
{"type":"screen-added","file":"D:\\work\\GIT\\bookeeper\\.superpowers\\brainstorm\\17860-1787465246\\content\\icon-direction.html"}
{"source":"user-event","type":"click","text":"B\n    \n      🅱 字母 B 变体\n      圆角方块底，白色 B，橙色背景；或橙色 B 白底","choice":"b","id":null,"timestamp":1787466301513}
{"source":"user-event","type":"click","text":"1\n      仅任务栏/窗口标题栏（setWindowIcon）","choice":"taskbar","id":null,"timestamp":1787466317278}
{"source":"user-event","type":"click","text":"2\n      兼顾 .exe 文件图标（打包时用 .ico，含 16/32/48/256）","choice":"exe","id":null,"timestamp":1787466328485}
{"source":"user-event","type":"click","text":"2\n      兼顾 .exe 文件图标（打包时用 .ico，含 16/32/48/256）","choice":"exe","id":null,"timestamp":1787466329534}
{"source":"user-event","type":"click","text":"3\n      系统托盘图标（如后续加后台驻留）","choice":"tray","id":null,"timestamp":1787466330802}
{"source":"user-event","type":"click","text":"2\n      兼顾 .exe 文件图标（打包时用 .ico，含 16/32/48/256）","choice":"exe","id":null,"timestamp":1787466332085}
{"source":"user-event","type":"click","text":"2\n      兼顾 .exe 文件图标（打包时用 .ico，含 16/32/48/256）","choice":"exe","id":null,"timestamp":1787466335872}
{"source":"user-event","type":"click","text":"2\n      兼顾 .exe 文件图标（打包时用 .ico，含 16/32/48/256）","choice":"exe","id":null,"timestamp":1787466336631}
{"source":"user-event","type":"click","text":"B\n    \n      🅱 字母 B 变体\n      圆角方块底，白色 B，橙色背景；或橙色 B 白底","choice":"b","id":null,"timestamp":1787466641423}
{"source":"user-event","type":"click","text":"B\n    \n      🅱 字母 B 变体\n      圆角方块底，白色 B，橙色背景；或橙色 B 白底","choice":"b","id":null,"timestamp":1787466648893}
{"source":"user-event","type":"click","text":"B\n    \n      🅱 字母 B 变体\n      圆角方块底，白色 B，橙色背景；或橙色 B 白底","choice":"b","id":null,"timestamp":1787466649127}
{"source":"user-event","type":"click","text":"B\n    \n      🅱 字母 B 变体\n      圆角方块底，白色 B，橙色背景；或橙色 B 白底","choice":"b","id":null,"timestamp":1787466649584}
{"source":"user-event","type":"click","text":"C\n    \n      📖 打开的书 + 橙色书签\n      侧视打开的书，右侧一条橙色书签带出","choice":"c","id":null,"timestamp":1787466655398}
{"source":"user-event","type":"click","text":"B\n    \n      🅱 字母 B 变体\n      圆角方块底，白色 B，橙色背景；或橙色 B 白底","choice":"b","id":null,"timestamp":1787466656034}
{"source":"user-event","type":"click","text":"1\n      仅任务栏/窗口标题栏（setWindowIcon）","choice":"taskbar","id":null,"timestamp":1787466660422}
{"source":"user-event","type":"click","text":"2\n      兼顾 .exe 文件图标（打包时用 .ico，含 16/32/48/256）","choice":"exe","id":null,"timestamp":1787466660842}
{"source":"user-event","type":"click","text":"3\n      系统托盘图标（如后续加后台驻留）","choice":"tray","id":null,"timestamp":1787466661272}
{"type":"screen-added","file":"D:\\work\\GIT\\bookeeper\\.superpowers\\brainstorm\\17860-1787465246\\content\\icon-detail.html"}
{"source":"user-event","type":"click","text":"B\n    \n    \n      B2 — 衬线体 B\n      Georgia 衬线体，增添书卷气和辨识度","choice":"b2","id":null,"timestamp":1787467090537}
{"source":"user-event","type":"click","text":"I\n      \n        QPainter 动态绘制（推荐）\n        代码画图标，零外部依赖，支持所有尺寸（16/32/48/256），可同时生成 .ico 文件。项目已有 GUI 能力。","choice":"painter","id":null,"timestamp":1787467095834}
{"type":"server-stopped","reason":"idle timeout"}
